Coefficient ranges:
  Matrix [1e-02, 6e+03]
  Cost   [1e+00, 5e+05]
  Bound  [5e+09, 5e+09]
  RHS    [1e+00, 3e+07]
Presolving model
1890891 rows, 1355339 cols, 8632127 nonzeros  2s
1601537 rows, 1329059 cols, 6981566 nonzeros  9s
Presolve : Reductions: rows 1601537(-2805451); columns 1329059(-282854); elements 6981566(-4946933)
Solving the presolved LP
IPX model has 1601537 rows, 1565852 columns and 7218359 nonzeros
Input
    Number of variables:                                1565852
    Number of free variables:                           0
    Number of constraints:                              1601537
    Number of equality constraints:                     473314
    Number of matrix entries:                           7218359
    Matrix range:                                       [1e-02, 6e+03]
    RHS range:                                          [1e+02, 2e+07]
    Objective range:                                    [5e+01, 5e+05]
    Bounds range:                                       [3e+00, 3e+07]
Preprocessing
    Dualized model:                                     no
    Number of dense columns:                            65
    Range of scaling factors:                           [3.12e-02, 1.00e+00]
IPX version 1.0
Interior point solve
 Iter     P.res    D.res            P.obj           D.obj        mu     Time
   0   2.20e+06 1.40e+04   8.59637065e+09 -1.85211657e+13  3.07e+10       3s
   1   2.20e+06 1.39e+04   4.52123738e+11 -1.85711499e+13  3.07e+10      23s
 Constructing starting basis...
   2   2.19e+06 1.27e+04   5.07737988e+11 -2.15944479e+13  3.40e+10    1288s
Coefficient ranges:
  Matrix [1e-02, 6e+03]
  Cost   [1e+00, 5e+05]
  Bound  [5e+09, 5e+09]
  RHS    [1e+00, 2e+07]
Presolving model
1890317 rows, 1355339 cols, 8161583 nonzeros  2s
1601241 rows, 1329059 cols, 7329443 nonzeros  8s
Presolve : Reductions: rows 1601241(-2805171); columns 1329059(-282854); elements 7329443(-4126016)
Solving the presolved LP
IPX model has 1601241 rows, 1565575 columns and 7565959 nonzeros
Input
    Number of variables:                                1565575
    Number of free variables:                           0
    Number of constraints:                              1601241
    Number of equality constraints:                     473036
    Number of matrix entries:                           7565959
    Matrix range:                                       [1e-02, 6e+03]
    RHS range:                                          [1e+02, 2e+07]
    Objective range:                                    [5e+01, 5e+05]
    Bounds range:                                       [3e+00, 2e+07]
Preprocessing
    Dualized model:                                     no
    Number of dense columns:                            65
    Range of scaling factors:                           [3.12e-02, 1.00e+00]
IPX version 1.0
Interior point solve
 Iter     P.res    D.res            P.obj           D.obj        mu     Time
   0   3.21e+06 1.40e+04   8.29136254e+09 -1.78991094e+13  4.49e+10       2s
   1   3.21e+06 1.40e+04   6.79862850e+11 -1.79486322e+13  4.49e+10      27s
 Constructing starting basis...
   2   3.20e+06 1.38e+04   7.69071640e+11 -1.83808751e+13  4.54e+10    1136s
   3   3.16e+06 1.24e+04   2.27820868e+12 -2.00912374e+13  4.65e+10    2031s
   4   2.83e+06 1.11e+04   1.13869302e+13 -2.16100715e+13  4.43e+10    2829s
   5   2.70e+06 1.07e+04   1.22764280e+13 -2.23621814e+13  4.38e+10    3516s
   6   2.60e+06 9.38e+03   1.15364757e+13 -2.57281160e+13  4.61e+10    4140s
   7   2.03e+06 8.03e+03   1.58166159e+13 -2.91387757e+13  4.10e+10    4719s
   8   1.83e+06 7.08e+03   1.68773080e+13 -3.07297639e+13  3.85e+10    5192s
   9   1.78e+06 6.86e+03   1.74877600e+13 -3.15378488e+13  3.83e+10    5628s
  10   1.31e+06 4.26e+03   2.48931783e+13 -4.37960093e+13  3.66e+10    6067s
  11   7.30e+05 3.77e+03   2.71812634e+13 -4.51350848e+13  2.33e+10    6581s
  12   4.15e+05 2.69e+03   2.90081063e+13 -5.12015472e+13  1.58e+10    7453s
  13   3.20e+05 1.43e+03   2.94628612e+13 -6.59091716e+13  1.39e+10    8201s
  14   1.54e+05 2.83e+02   2.43292366e+13 -8.10596415e+13  7.34e+09    8600s
  15   4.78e+04 1.01e+02   1.90009117e+13 -9.65324753e+13  2.80e+09    8870s
  16   1.50e+04 9.20e+00   1.65483776e+13 -1.00091704e+14  9.70e+08    9052s
  17   7.62e+03 1.90e+00   1.75787809e+13 -9.64816836e+13  5.44e+08    9198s
  18   2.79e+03 6.58e-01   3.03072412e+13 -1.06634818e+14  2.64e+08    9325s
  19   1.09e+03 3.86e-01   2.78612316e+13 -1.09132736e+14  1.36e+08    9422s
  20   5.52e+02 4.17e-06   1.91906847e+13 -7.78460048e+13  7.61e+07    9508s
  21   4.55e+02 3.70e-06   1.83040977e+13 -8.00620982e+13  7.08e+07    9587s
  22   3.70e+02 4.05e-06   1.57411851e+13 -7.70905288e+13  6.05e+07    9651s
  23   1.70e+02 5.96e-06   9.46889689e+12 -7.05275139e+13  3.75e+07    9721s
  24   3.84e+01 2.98e-06   5.10467411e+12 -6.38978044e+13  2.25e+07    9801s
  25   2.25e+01 1.85e-06   4.23962875e+12 -5.77301760e+13  1.91e+07    9881s
  26   9.06e+00 1.91e-06   3.24875260e+12 -5.25089229e+13  1.62e+07    9942s
  27   5.03e+00 2.98e-06   2.88678848e+12 -4.98499917e+13  1.50e+07   10005s
  28   5.52e-01 2.38e-06   5.03397880e+11 -3.65601365e+12  1.16e+06   10071s
  29   7.06e-02 1.01e-06   1.72281651e+11 -1.69265947e+12  5.18e+05   10133s
  30   2.33e-02 3.93e-07   1.24635720e+11 -7.21837467e+11  2.35e+05   10212s
  31   2.10e-02 1.84e-07   1.25607260e+11 -6.57016955e+11  2.17e+05   10344s
  32   6.71e-08 7.17e-08   1.13631477e+11 -5.75137362e+11  1.91e+05   10481s
  33   6.52e-08 1.06e-07   9.65702125e+10 -4.84931002e+11  1.61e+05   10568s
  34   8.67e-08 5.87e-08   8.02608505e+10 -2.82259010e+11  1.01e+05   10661s
  35   3.63e-08 3.17e-08   4.95930433e+10 -1.51477858e+11  5.58e+04   10795s
  36   7.73e-08 2.98e-08   4.97173452e+10 -1.42024462e+11  5.32e+04   10905s
  37   8.20e-08 3.31e-08   4.86922571e+10 -1.10311595e+11  4.41e+04   11012s
  38   4.84e-08 2.10e-08   4.87206173e+10 -1.09840076e+11  4.40e+04   11140s
  39   6.91e-08 1.37e-08   4.86553556e+10 -9.82183791e+10  4.08e+04   11247s
  40   5.96e-08 2.47e-08   4.77045700e+10 -9.73535992e+10  4.02e+04   11389s
  41   4.10e-08 2.24e-08   4.59510741e+10 -9.65139193e+10  3.95e+04   11528s
  42   9.90e-08 1.26e-08   3.56800625e+10 -5.86933201e+10  2.62e+04   11669s
  43   3.97e-08 1.68e-08   3.21404298e+10 -3.90633325e+10  1.98e+04   11825s
  44   3.73e-08 1.30e-08   3.22054242e+10 -3.88955820e+10  1.97e+04   11975s
  45   7.08e-08 9.08e-09   3.21843812e+10 -3.86927712e+10  1.97e+04   12100s
  46   1.45e-07 4.66e-09   2.87019547e+10 -2.74282885e+10  1.56e+04   12225s
  47   4.71e-08 4.66e-09   2.84899771e+10 -2.75051953e+10  1.55e+04   12371s
  48   6.68e-08 6.52e-09   2.63551080e+10 -2.03562803e+10  1.30e+04   12496s
  49   6.33e-08 4.66e-09   2.61198841e+10 -1.60387863e+10  1.17e+04   12624s
  50   2.98e-08 2.74e-09   2.30315760e+10 -9.74511738e+09  9.09e+03   12799s
  51   7.82e-08 7.51e-09   2.28926745e+10 -9.19870213e+09  8.90e+03   13060s
  52   4.84e-08 5.47e-09   2.26719191e+10 -3.75869715e+09  7.33e+03   13234s
  53   2.48e-08 2.68e-09   2.15264840e+10 -9.17274986e+08  6.23e+03   13436s
  54   4.65e-08 1.86e-09   2.12723653e+10 -8.79062620e+08  6.15e+03   13629s
  55   7.26e-08 2.62e-09   1.99720635e+10  1.56615323e+08  5.50e+03   13826s
  56   1.01e-07 2.39e-09   1.99029642e+10  2.53240656e+08  5.45e+03   14015s
  57   3.73e-08 2.53e-09   1.94018624e+10  3.96132173e+09  4.28e+03   14199s
  58   4.84e-08 2.36e-09   1.91378274e+10  3.97941916e+09  4.21e+03   14402s
  59   7.45e-08 2.33e-09   1.88978175e+10  4.19223337e+09  4.08e+03   14576s
  60   5.96e-08 1.89e-09   1.81418157e+10  6.95024728e+09  3.11e+03   14825s
  61   3.35e-08 1.80e-09   1.78745661e+10  6.93106922e+09  3.04e+03   15144s
  62   5.59e-08 1.66e-09   1.73678510e+10  7.27940271e+09  2.80e+03   15396s
  63   4.84e-08 1.80e-09   1.70706340e+10  7.85273830e+09  2.56e+03   15657s
  64   2.60e-08 1.78e-09   1.68441474e+10  8.21337323e+09  2.39e+03   15986s
  65   2.98e-08 1.54e-09   1.68306951e+10  8.27952557e+09  2.37e+03   16314s
  66   5.96e-08 1.86e-09   1.64919390e+10  8.82867722e+09  2.13e+03   16559s
  67   4.47e-08 1.54e-09   1.63906396e+10  9.12680815e+09  2.02e+03   17305s
  68   4.10e-08 1.78e-09   1.58839752e+10  1.02024781e+10  1.58e+03   17667s
  69   4.66e-08 1.75e-09   1.57449164e+10  1.08308720e+10  1.36e+03   19010s
  70   2.24e-08 2.44e-09   1.56197911e+10  1.12226027e+10  1.22e+03   19531s
  71   6.20e-08 1.60e-09   1.55386887e+10  1.14583893e+10  1.13e+03   19906s
